f:\nils.cpp\ftree\FTree.h
f:\nils.cpp\ftree\FTree.ToDo
f:\nils.cpp\ftree\Main.cpp
f:\nils.cpp\ftree\Main.hpp
f:\nils.cpp\ftree\NAboutDialog.cpp
f:\nils.cpp\ftree\NAboutDialog.hpp
f:\nils.cpp\ftree\NDragDrop.cpp
f:\nils.cpp\ftree\NDragDrop.hpp
f:\nils.cpp\ftree\NEditDialog.cpp
f:\nils.cpp\ftree\NEditDialog.hpp
f:\nils.cpp\ftree\NEventDialog.cpp
f:\nils.cpp\ftree\NEventDialog.hpp
f:\nils.cpp\ftree\NList.cpp
f:\nils.cpp\ftree\NList.hpp
f:\nils.cpp\ftree\NListDialog.cpp
f:\nils.cpp\ftree\NListDialog.hpp
f:\nils.cpp\ftree\NMainWindow.cpp
f:\nils.cpp\ftree\NMainWindow.hpp
f:\nils.cpp\ftree\NManList.cpp
f:\nils.cpp\ftree\NManList.hpp
f:\nils.cpp\ftree\NManTree.cpp
f:\nils.cpp\ftree\NManTree.hpp
f:\nils.cpp\ftree\NMankind.cpp
f:\nils.cpp\ftree\NMankind.hpp
f:\nils.cpp\ftree\NMisc.cpp
f:\nils.cpp\ftree\NMisc.hpp
f:\nils.cpp\ftree\NOptionsDialog.cpp
f:\nils.cpp\ftree\NOptionsDialog.hpp
f:\nils.cpp\ftree\NPointersTo.c
f:\nils.cpp\ftree\NPointersTo.h
f:\nils.cpp\ftree\NPrint.cpp
f:\nils.cpp\ftree\NPrint.hpp
f:\nils.cpp\ftree\NRexx.cpp
f:\nils.cpp\ftree\NRexx.hpp
f:\nils.cpp\ftree\NSearchDialog.cpp
f:\nils.cpp\ftree\NSearchDialog.hpp
f:\nils.cpp\ftree\NUserFields.cpp
f:\nils.cpp\ftree\NUserFields.hpp
f:\nils.cpp\ftree\GermanDll\German.rc
f:\nils.cpp\ftree\DutchDll\Dutch.rc
f:\nils.cpp\ftree\EnglishDll\English.rc
f:\nils.cpp\ftree\FrenchDll\French.rc
f:\nils.cpp\ftree\FinnishDll\Finnish.rc
f:\nils.cpp\ftree\GermanHlp\German.ipf
f:\nils.cpp\ftree\EnglishHlp\English.ipf

